/Library/Frameworks/EclipseSUMO.framework/Versions/1.26.0/EclipseSUMO/bin/netconvert:
Load command 0
      cmd LC_SEGMENT_64
  cmdsize 72
  segname __PAGEZERO
   vmaddr 0x0000000000000000
   vmsize 0x0000000100000000
  fileoff 0
 filesize 0
  maxprot 0x00000000
 initprot 0x00000000
   nsects 0
    flags 0x0
Load command 1
      cmd LC_SEGMENT_64
  cmdsize 632
  segname __TEXT
   vmaddr 0x0000000100000000
   vmsize 0x00000000003a8000
  fileoff 0
 filesize 3833856
  maxprot 0x00000005
 initprot 0x00000005
   nsects 7
    flags 0x0
Section
  sectname __text
   segname __TEXT
      addr 0x0000000100003fb4
      size 0x0000000000336590
    offset 16308
     align 2^2 (4)
    reloff 0
    nreloc 0
     flags 0x80000400
 reserved1 0
 reserved2 0
Section
  sectname __stubs
   segname __TEXT
      addr 0x000000010033a544
      size 0x0000000000000d68
    offset 3384644
     align 2^2 (4)
    reloff 0
    nreloc 0
     flags 0x80000408
 reserved1 0 (index into indirect symbol table)
 reserved2 12 (size of stubs)
Section
  sectname __init_offsets
   segname __TEXT
      addr 0x000000010033b2ac
      size 0x00000000000000c4
    offset 3388076
     align 2^2 (4)
    reloff 0
    nreloc 0
     flags 0x00000016
 reserved1 0
 reserved2 0
Section
  sectname __const
   segname __TEXT
      addr 0x000000010033b370
      size 0x0000000000004d1f
    offset 3388272
     align 2^4 (16)
    reloff 0
    nreloc 0
     flags 0x00000000
 reserved1 0
 reserved2 0
Section
  sectname __gcc_except_tab
   segname __TEXT
      addr 0x0000000100340090
      size 0x0000000000040bbc
    offset 3408016
     align 2^2 (4)
    reloff 0
    nreloc 0
     flags 0x00000000
 reserved1 0
 reserved2 0
Section
  sectname __cstring
   segname __TEXT
      addr 0x0000000100380c4c
      size 0x000000000001f062
    offset 3673164
     align 2^0 (1)
    reloff 0
    nreloc 0
     flags 0x00000002
 reserved1 0
 reserved2 0
Section
  sectname __unwind_info
   segname __TEXT
      addr 0x000000010039fcb0
      size 0x0000000000008350
    offset 3800240
     align 2^2 (4)
    reloff 0
    nreloc 0
     flags 0x00000000
 reserved1 0
 reserved2 0
Load command 2
      cmd LC_SEGMENT_64
  cmdsize 232
  segname __DATA_CONST
   vmaddr 0x00000001003a8000
   vmsize 0x000000000000c000
  fileoff 3833856
 filesize 49152
  maxprot 0x00000003
 initprot 0x00000003
   nsects 2
    flags 0x10
Section
  sectname __got
   segname __DATA_CONST
      addr 0x00000001003a8000
      size 0x0000000000000b28
    offset 3833856
     align 2^3 (8)
    reloff 0
    nreloc 0
     flags 0x00000006
 reserved1 286 (index into indirect symbol table)
 reserved2 0
Section
  sectname __const
   segname __DATA_CONST
      addr 0x00000001003a8b28
      size 0x000000000000a5a0
    offset 3836712
     align 2^3 (8)
    reloff 0
    nreloc 0
     flags 0x00000000
 reserved1 0
 reserved2 0
Load command 3
      cmd LC_SEGMENT_64
  cmdsize 312
  segname __DATA
   vmaddr 0x00000001003b4000
   vmsize 0x000000000000c000
  fileoff 3883008
 filesize 32768
  maxprot 0x00000003
 initprot 0x00000003
   nsects 3
    flags 0x0
Section
  sectname __data
   segname __DATA
      addr 0x00000001003b4000
      size 0x0000000000005af4
    offset 3883008
     align 2^3 (8)
    reloff 0
    nreloc 0
     flags 0x00000000
 reserved1 0
 reserved2 0
Section
  sectname __common
   segname __DATA
      addr 0x00000001003b9af8
      size 0x0000000000005578
    offset 0
     align 2^3 (8)
    reloff 0
    nreloc 0
     flags 0x00000001
 reserved1 0
 reserved2 0
Section
  sectname __bss
   segname __DATA
      addr 0x00000001003bf070
      size 0x0000000000000cc0
    offset 0
     align 2^3 (8)
    reloff 0
    nreloc 0
     flags 0x00000001
 reserved1 0
 reserved2 0
Load command 4
      cmd LC_SEGMENT_64
  cmdsize 72
  segname __LINKEDIT
   vmaddr 0x00000001003c0000
   vmsize 0x0000000000134000
  fileoff 3915776
 filesize 1254528
  maxprot 0x00000001
 initprot 0x00000001
   nsects 0
    flags 0x0
Load command 5
      cmd LC_DYLD_CHAINED_FIXUPS
  cmdsize 16
  dataoff 3915776
 datasize 18224
Load command 6
      cmd LC_DYLD_EXPORTS_TRIE
  cmdsize 16
  dataoff 3934000
 datasize 218016
Load command 7
     cmd LC_SYMTAB
 cmdsize 24
  symoff 4160936
   nsyms 12667
  stroff 4366184
 strsize 746776
Load command 8
            cmd LC_DYSYMTAB
        cmdsize 80
      ilocalsym 0
      nlocalsym 7837
     iextdefsym 7837
     nextdefsym 4446
      iundefsym 12283
      nundefsym 384
         tocoff 0
           ntoc 0
      modtaboff 0
        nmodtab 0
   extrefsymoff 0
    nextrefsyms 0
 indirectsymoff 4363608
  nindirectsyms 643
      extreloff 0
        nextrel 0
      locreloff 0
        nlocrel 0
Load command 9
          cmd LC_LOAD_DYLINKER
      cmdsize 32
         name /usr/lib/dyld (offset 12)
Load command 10
     cmd LC_UUID
 cmdsize 24
    uuid 98393889-DA24-3AA6-8FFB-939B46BA864E
Load command 11
      cmd LC_BUILD_VERSION
  cmdsize 32
 platform 1
    minos 14.0
      sdk 15.2
   ntools 1
     tool 3
  version 1115.7.3
Load command 12
      cmd LC_SOURCE_VERSION
  cmdsize 16
  version 0.0
Load command 13
       cmd LC_MAIN
   cmdsize 24
  entryoff 18600
 stacksize 0
Load command 14
          cmd LC_LOAD_DYLIB
      cmdsize 72
         name @loader_path/../lib/libgdal.36.3.10.1.dylib (offset 24)
   time stamp 2 Thu Jan  1 01:00:02 1970
      current version 36.3.10
compatibility version 36.0.0
Load command 15
          cmd LC_LOAD_DYLIB
      cmdsize 72
         name @loader_path/../lib/libxerces-c-3.3.dylib (offset 24)
   time stamp 2 Thu Jan  1 01:00:02 1970
      current version 0.0.0
compatibility version 0.0.0
Load command 16
          cmd LC_LOAD_DYLIB
      cmdsize 48
         name /usr/lib/libz.1.dylib (offset 24)
   time stamp 2 Thu Jan  1 01:00:02 1970
      current version 1.2.12
compatibility version 1.0.0
Load command 17
          cmd LC_LOAD_DYLIB
      cmdsize 72
         name @loader_path/../lib/libproj.25.9.5.1.dylib (offset 24)
   time stamp 2 Thu Jan  1 01:00:02 1970
      current version 25.9.5
compatibility version 25.0.0
Load command 18
          cmd LC_LOAD_DYLIB
      cmdsize 64
         name @loader_path/../lib/libintl.8.dylib (offset 24)
   time stamp 2 Thu Jan  1 01:00:02 1970
      current version 13.2.0
compatibility version 13.0.0
Load command 19
          cmd LC_LOAD_DYLIB
      cmdsize 64
         name @loader_path/../lib/libfmt.11.1.2.dylib (offset 24)
   time stamp 2 Thu Jan  1 01:00:02 1970
      current version 11.1.2
compatibility version 11.0.0
Load command 20
          cmd LC_LOAD_DYLIB
      cmdsize 72
         name @loader_path/../lib/libparquet.1801.0.0.dylib (offset 24)
   time stamp 2 Thu Jan  1 01:00:02 1970
      current version 1801.0.0
compatibility version 1801.0.0
Load command 21
          cmd LC_LOAD_DYLIB
      cmdsize 72
         name @loader_path/../lib/libarrow.1801.0.0.dylib (offset 24)
   time stamp 2 Thu Jan  1 01:00:02 1970
      current version 1801.0.0
compatibility version 1801.0.0
Load command 22
          cmd LC_LOAD_DYLIB
      cmdsize 48
         name /usr/lib/libc++.1.dylib (offset 24)
   time stamp 2 Thu Jan  1 01:00:02 1970
      current version 1800.105.0
compatibility version 1.0.0
Load command 23
          cmd LC_LOAD_DYLIB
      cmdsize 56
         name /usr/lib/libSystem.B.dylib (offset 24)
   time stamp 2 Thu Jan  1 01:00:02 1970
      current version 1351.0.0
compatibility version 1.0.0
Load command 24
      cmd LC_FUNCTION_STARTS
  cmdsize 16
  dataoff 4152016
 datasize 8920
Load command 25
      cmd LC_DATA_IN_CODE
  cmdsize 16
  dataoff 4160936
 datasize 0
Load command 26
      cmd LC_CODE_SIGNATURE
  cmdsize 16
  dataoff 5112960
 datasize 57344
