Warning: Cannot read local schema '/Library/Frameworks/EclipseSUMO.framework/Versions/1.26.0/EclipseSUMO/data/xsd/additional_file.xsd', will try website lookup.
Warning: Cannot read local schema '/Library/Frameworks/EclipseSUMO.framework/Versions/1.26.0/EclipseSUMO/data/xsd/additional_file.xsd', will try website lookup.
Warning: Phase 2 only loops backs to itself in tlLogic 'ramp_mid', program 'CA_C8'.
Warning: Phase 2 only loops backs to itself in tlLogic 'ramp_mid', program 'CA_C9'.
Warning: Phase 2 only loops backs to itself in tlLogic 'ramp_mid', program 'CA_C10'.
Warning: Phase 2 only loops backs to itself in tlLogic 'ramp_mid', program 'CA_C11'.
Warning: Phase 2 only loops backs to itself in tlLogic 'ramp_mid', program 'CA_C12'.
Warning: Phase 2 only loops backs to itself in tlLogic 'ramp_mid', program 'CA_C13'.
Warning: Phase 2 only loops backs to itself in tlLogic 'ramp_mid', program 'CA_C14'.
Warning: Phase 2 only loops backs to itself in tlLogic 'ramp_mid', program 'CA_C15'.
Warning: Phase 2 only loops backs to itself in tlLogic 'ramp_mid', program 'CA_C16'.
Warning: Phase 2 only loops backs to itself in tlLogic 'ramp_mid', program 'CA_C17'.
Warning: Phase 2 only loops backs to itself in tlLogic 'ramp_mid', program 'CA_C18'.
Warning: Phase 2 only loops backs to itself in tlLogic 'ramp_mid', program 'CA_C19'.
Warning: Phase 2 only loops backs to itself in tlLogic 'ramp_mid', program 'CA_C20'.
Warning: Phase 2 only loops backs to itself in tlLogic 'ramp_mid', program 'CA_C21'.
Warning: Phase 2 only loops backs to itself in tlLogic 'ramp_mid', program 'CA_C22'.
Warning: Phase 2 only loops backs to itself in tlLogic 'ramp_mid', program 'CA_C23'.
Warning: Phase 2 only loops backs to itself in tlLogic 'ramp_mid', program 'CA_C24'.
Error: no declaration found for element 'routes'
 In file '/Users/yuhongzhang/Desktop/Masterarbeit-Ramp-Metering/config/candidate_a_qualification_20261008_v1/CA_FIXED_R300_S17_A05/demand.rou.xml'
 At line/column 3/9.

Quitting (on error).
